INFO         | Android emulator version 36.1.9.0 (build_id 13823996) (CL:N/A)
INFO         | Graphics backend: gfxstream
INFO         | Found systemPath C:\Users\muril\AppData\Local\Android\sdk\system-images\android-36.1\google_apis_playstore\x86_64\
WARNING      | Please update the emulator to one that supports the feature(s): VulkanVirtualQueue
INFO         | IPv4 server found: 191.52.44.2
INFO         | Ignore IPv6 address: 1003:ad2d:e902:0:80fd:ac2d:e902:0
INFO         | Ignore IPv6 address: 1003:ad2d:e902:0:80fd:ac2d:e902:0
INFO         | Ignore IPv6 address: 1003:ad2d:e902:0:80fd:ac2d:e902:0
INFO         | Ignore IPv6 address: 1809:ad2d:e902:0:80fd:ac2d:e902:0
INFO         | Ignore IPv6 address: 1809:ad2d:e902:0:80fd:ac2d:e902:0
INFO         | Ignore IPv6 address: 1809:ad2d:e902:0:80fd:ac2d:e902:0
INFO         | Ignore IPv6 address: 481d:ad2d:e902:0:80fd:ac2d:e902:0
INFO         | Ignore IPv6 address: 481d:ad2d:e902:0:80fd:ac2d:e902:0
INFO         | Ignore IPv6 address: 481d:ad2d:e902:0:80fd:ac2d:e902:0
INFO         | Guest GLES Driver: Auto (ext controls)
library_mode swiftshader_indirect gpu mode swiftshader_indirect
INFO         | Checking system compatibility:
INFO         |   Checking: hasCompatibleHypervisor
INFO         |      Ok: Hypervisor compatibility to run avd: `Medium_Phone_API_36.1` are met
INFO         |   Checking: hasSufficientSystem
INFO         |      Ok: System requirements to run avd: `Medium_Phone_API_36.1` are met
INFO         |   Checking: hasSufficientHwGpu
INFO         |      Ok: Hardware GPU compatibility checks are not required
INFO         |   Checking: hasSufficientDiskSpace
INFO         |      Ok: Disk space requirements to run avd: `Medium_Phone_API_36.1` are met
INFO         | Storing crashdata in: C:\Users\muril\AppData\Local\Temp\\AndroidEmulator\emu-crash-36.1.9.db, detection is enabled for process: 15544
INFO         | Initializing hardware OpenGLES emulation support
INFO         | HealthMonitor disabled.
INFO         | initIcdPaths: ICD set to 'swiftshader', using Swiftshader ICD
INFO         | Setting ICD filenames for the loader = C:\Users\muril\AppData\Local\Android\sdk\emulator\lib64\vulkan\vk_swiftshader_icd.json
INFO         | SharedLibrary::open for [vulkan-1.dll]
INFO         | SharedLibrary::open for [vulkan-1.dll]: not found in map, open for the first time
INFO         | SharedLibrary::open for [vulkan-1.dll] (win32): call LoadLibrary
INFO         | SharedLibrary::open succeeded for [vulkan-1.dll]. File name: [C:\WINDOWS\SYSTEM32\vulkan-1.dll]
INFO         | Added library: vulkan-1.dll
INFO         | Selecting Vulkan device: SwiftShader Device (LLVM 10.0.0), Version: 1.2.0
INFO         | Disabling sparse binding feature support
INFO         | SharedLibrary::open for [libGLESv2.dll]: not found in map, open for the first time
INFO         | SharedLibrary::open for [libGLESv2.dll] (win32): call LoadLibrary
INFO         | SharedLibrary::open succeeded for [libGLESv2.dll]. File name: [C:\Users\muril\AppData\Local\Android\sdk\emulator\lib64\gles_swiftshader\libGLESv2.dll]
INFO         | SharedLibrary::open for [libEGL.dll]: not found in map, open for the first time
INFO         | SharedLibrary::open for [libEGL.dll] (win32): call LoadLibrary
INFO         | SharedLibrary::open succeeded for [libEGL.dll]. File name: [C:\Users\muril\AppData\Local\Android\sdk\emulator\lib64\gles_swiftshader\libEGL.dll]
INFO         | Initializing VkEmulation features:
INFO         |     glInteropSupported: false
INFO         |     useDeferredCommands: true
INFO         |     createResourceWithRequirements: true
INFO         |     useVulkanComposition: false
INFO         |     useVulkanNativeSwapchain: false
INFO         |     enable guestRenderDoc: false
INFO         |     ASTC LDR emulation mode: Gpu
INFO         |     enable ETC2 emulation: true
INFO         |     enable Ycbcr emulation: false
INFO         |     guestVulkanOnly: false
INFO         |     useDedicatedAllocations: false
INFO         | Graphics Adapter Vendor Google (Google Inc.)
INFO         | Graphics Adapter Android Emulator OpenGL ES Translator (Google SwiftShader)
INFO         | Graphics API Version OpenGL ES 3.0 (OpenGL ES 3.0 SwiftShader 4.0.0.1)
INFO         | Graphics API Extensions GL_OES_EGL_sync GL_OES_EGL_image GL_OES_EGL_image_external GL_OES_depth24 GL_OES_depth32 GL_OES_element_index_uint GL_OES_texture_float GL_OES_texture_float_linear GL_OES_compressed_paletted_texture GL_OES_compressed_ETC1_RGB8_texture GL_OES_depth_texture GL_OES_texture_half_float GL_OES_texture_half_float_linear GL_OES_packed_depth_stencil GL_OES_vertex_half_float GL_OES_standard_derivatives GL_OES_texture_npot GL_OES_rgb8_rgba8 GL_EXT_color_buffer_float GL_EXT_color_buffer_half_float GL_EXT_texture_format_BGRA8888 GL_APPLE_texture_format_BGRA8888 
INFO         | Graphics Device Extensions N/A
INFO         | Sending adb public key [QAAAADNCfkgFdzHjxiPb71dUnRaJrmz1T6rbkajLjOYL0XbMmaYiPter7WGaVitATa83c6EIEt+GDufgFggP1+Cdd4CbE7TFoJCnlKR10BwpwKPuYyRXZzWrMpyXpdo62P9v3ctkVTBekqc0wTDrRjUBcPNJ/IKGavbBbqMnq00hbTq3jfiM2lsnKSPb3C+TbMPg9+q3j1Cu0rwUIIG/KCuscj0wk0X4lKY9YkRvNHcWNjjtccPsep6Oy7UxynJlAjZoATIOc2qd9HKpKiEkISMoXrENmizrpDKJcSLs26CuAsglzgphsuvPRbJrRBU+ZSeOuBsmoLCZarrdM4EFjffLtiDYJK3N+yAINdJTZWMGdG9pkkqKTVBP9C+sbKBG+lwvPN+yrn2yAeZGqHC3vAQmJuYZpM4xxEnUO2v1+1pzBQwWZxnB0fldQkrb9lRGJDGXTbeJBZvxanOpaWlICYIDV8oqpjzrzaGml2iRRuXr0tqRksJ2+nbj/1TY5637xDfCC53xv276BhE9b7VbQKlnNZyaHE0ZFWHA0TF+fx5k0IJPDZ+VduYiqumYMkKhwJSI/GgSjnD5njBm7tph56ijh3cx5TQdCo9BJQ3gYq0k1BnRZHxz5befYMsgnAfVclOwcYvNObS8HPB7CRtmmpBTHhTXzFEGPQE1QwtcAd+4myZ27kffCgEAAQA= @unknown]
WHPX on Windows 10.0.26200 detected.
Windows Hypervisor Platform accelerator is operational
INFO         | Monitoring duration of emulator setup.
WARNING      | The emulator now requires a signed jwt token for gRPC access! Use the -grpc flag if you really want an open unprotected grpc port
INFO         | Using security allow list from: C:\Users\muril\AppData\Local\Android\sdk\emulator\lib\emulator_access.json
WARNING      | *** Basic token auth should only be used by android-studio ***
INFO         | The active JSON Web Key Sets can be found here: C:\Users\muril\AppData\Local\Temp\avd\running\15544\jwks\1778c990-5508-4970-9107-446237c2f1e6\active.jwk
INFO         | Scanning C:\Users\muril\AppData\Local\Temp\avd\running\15544\jwks\1778c990-5508-4970-9107-446237c2f1e6 for jwk keys.
INFO         | Started GRPC server at 127.0.0.1:8554, security: Local, auth: +token
INFO         | Advertising in: C:\Users\muril\AppData\Local\Temp\avd\running\pid_15544.ini
INFO         | Setting display: 0 configuration to: 1080x2400, dpi: 420x420 
INFO         | setDisplayActiveConfig 0
INFO         | Loading snapshot 'default_boot'...
INFO         | OpenGL Vendor=[Google (Google Inc.)]
INFO         | OpenGL Renderer=[Android Emulator OpenGL ES Translator (Google SwiftShader)]
INFO         | OpenGL Version=[OpenGL ES 3.0 (OpenGL ES 3.0 SwiftShader 4.0.0.1)]
WARNING      | snapshot was created with gfxstream=0, but this emulator has gfxstream=1

WARNING      | Error -1 from the snapshot callback

WARNING      | Failed to load snapshot 'default_boot'
USER_INFO    | The emulator is starting from scratch. Reason: different renderer configured
INFO         | Activated packet streamer for uwb emulation
INFO         | Activated packet streamer for bluetooth emulation
INFO         | Boot completed in 72361 ms
INFO         | Increasing screen off timeout, logcat buffer size to 2M.
INFO         | IPv4 server found: 191.52.44.2
INFO         | Ignore IPv6 address: 46:ac1a:e902:0:7040:ac1a:e902:0
INFO         | Ignore IPv6 address: 46:ac1a:e902:0:7040:ac1a:e902:0
INFO         | Ignore IPv6 address: 46:ac1a:e902:0:7040:ac1a:e902:0
INFO         | Ignore IPv6 address: 84c:ac1a:e902:0:7040:ac1a:e902:0
INFO         | Ignore IPv6 address: 84c:ac1a:e902:0:7040:ac1a:e902:0
INFO         | Ignore IPv6 address: 84c:ac1a:e902:0:7040:ac1a:e902:0
INFO         | Ignore IPv6 address: 3860:ac1a:e902:0:7040:ac1a:e902:0
INFO         | Ignore IPv6 address: 3860:ac1a:e902:0:7040:ac1a:e902:0
INFO         | Ignore IPv6 address: 3860:ac1a:e902:0:7040:ac1a:e902:0
INFO         | IPv4 server found: 191.52.44.2
INFO         | Ignore IPv6 address: 46:ac1a:e902:0:7040:ac1a:e902:0
INFO         | Ignore IPv6 address: 46:ac1a:e902:0:7040:ac1a:e902:0
INFO         | Ignore IPv6 address: 46:ac1a:e902:0:7040:ac1a:e902:0
INFO         | Ignore IPv6 address: 84c:ac1a:e902:0:7040:ac1a:e902:0
INFO         | Ignore IPv6 address: 84c:ac1a:e902:0:7040:ac1a:e902:0
INFO         | Ignore IPv6 address: 84c:ac1a:e902:0:7040:ac1a:e902:0
INFO         | Ignore IPv6 address: 3860:ac1a:e902:0:7040:ac1a:e902:0
INFO         | Ignore IPv6 address: 3860:ac1a:e902:0:7040:ac1a:e902:0
INFO         | Ignore IPv6 address: 3860:ac1a:e902:0:7040:ac1a:e902:0
INFO         | IPv4 server found: 191.52.44.2
INFO         | Ignore IPv6 address: 46:ac1a:e902:0:7040:ac1a:e902:0
INFO         | Ignore IPv6 address: 46:ac1a:e902:0:7040:ac1a:e902:0
INFO         | Ignore IPv6 address: 46:ac1a:e902:0:7040:ac1a:e902:0
INFO         | Ignore IPv6 address: 84c:ac1a:e902:0:7040:ac1a:e902:0
INFO         | Ignore IPv6 address: 84c:ac1a:e902:0:7040:ac1a:e902:0
INFO         | Ignore IPv6 address: 84c:ac1a:e902:0:7040:ac1a:e902:0
INFO         | Ignore IPv6 address: 3860:ac1a:e902:0:7040:ac1a:e902:0
INFO         | Ignore IPv6 address: 3860:ac1a:e902:0:7040:ac1a:e902:0
INFO         | Ignore IPv6 address: 3860:ac1a:e902:0:7040:ac1a:e902:0
INFO         | Wait for emulator (pid 15544) 20 seconds to shutdown gracefully before kill;you can set environment variable ANDROID_EMULATOR_WAIT_TIME_BEFORE_KILL(in seconds) to change the default value (20 seconds)

WARNING      | Not saving state: RAM not mapped as shared
INFO         | Saving snapshot 'default_boot' using 15 ms
