00:00 +0: loading C:/Projetos/BolsaFacil/test/app_database_test.dart
00:00 +0: C:/Projetos/BolsaFacil/test/brapi_service_test.dart: fetchQuote mapeia a resposta e não envia o token na URL
00:00 +1: C:/Projetos/BolsaFacil/test/app_state_test.dart: initialize sem sessão deixa o app deslogado
00:00 +2: C:/Projetos/BolsaFacil/test/app_state_test.dart: initialize sem sessão deixa o app deslogado
00:00 +3: C:/Projetos/BolsaFacil/test/app_state_test.dart: initialize sem sessão deixa o app deslogado
00:00 +4: C:/Projetos/BolsaFacil/test/app_state_test.dart: initialize sem sessão deixa o app deslogado
00:00 +5: C:/Projetos/BolsaFacil/test/app_state_test.dart: initialize sem sessão deixa o app deslogado
00:00 +6: C:/Projetos/BolsaFacil/test/app_state_test.dart: initialize sem sessão deixa o app deslogado
00:00 +7: C:/Projetos/BolsaFacil/test/app_state_test.dart: initialize sem sessão deixa o app deslogado
00:00 +8: C:/Projetos/BolsaFacil/test/app_state_test.dart: initialize sem sessão deixa o app deslogado
00:00 +9: C:/Projetos/BolsaFacil/test/app_state_test.dart: initialize sem sessão deixa o app deslogado
00:00 +10: C:/Projetos/BolsaFacil/test/app_state_test.dart: initialize sem sessão deixa o app deslogado
00:00 +11: C:/Projetos/BolsaFacil/test/app_state_test.dart: initialize sem sessão deixa o app deslogado
00:00 +12: C:/Projetos/BolsaFacil/test/app_state_test.dart: initialize sem sessão deixa o app deslogado
00:00 +13: C:/Projetos/BolsaFacil/test/app_state_test.dart: initialize sem sessão deixa o app deslogado
00:00 +14: C:/Projetos/BolsaFacil/test/dark_theme_ui_test.dart: seletor em Conta muda o MaterialApp e cores da cotação
00:00 +15: C:/Projetos/BolsaFacil/test/dark_theme_ui_test.dart: seletor em Conta muda o MaterialApp e cores da cotação
00:00 +16: C:/Projetos/BolsaFacil/test/dark_theme_ui_test.dart: seletor em Conta muda o MaterialApp e cores da cotação
00:00 +17: C:/Projetos/BolsaFacil/test/dark_theme_ui_test.dart: seletor em Conta muda o MaterialApp e cores da cotação
00:00 +18: C:/Projetos/BolsaFacil/test/dark_theme_ui_test.dart: seletor em Conta muda o MaterialApp e cores da cotação
00:00 +19: C:/Projetos/BolsaFacil/test/dark_theme_ui_test.dart: seletor em Conta muda o MaterialApp e cores da cotação
00:00 +20: C:/Projetos/BolsaFacil/test/dark_theme_ui_test.dart: seletor em Conta muda o MaterialApp e cores da cotação
00:00 +21: C:/Projetos/BolsaFacil/test/dark_theme_ui_test.dart: seletor em Conta muda o MaterialApp e cores da cotação
00:00 +22: C:/Projetos/BolsaFacil/test/dark_theme_ui_test.dart: seletor em Conta muda o MaterialApp e cores da cotação
00:00 +23: C:/Projetos/BolsaFacil/test/dark_theme_ui_test.dart: seletor em Conta muda o MaterialApp e cores da cotação
00:00 +24: C:/Projetos/BolsaFacil/test/dark_theme_ui_test.dart: seletor em Conta muda o MaterialApp e cores da cotação
00:00 +25: C:/Projetos/BolsaFacil/test/dark_theme_ui_test.dart: seletor em Conta muda o MaterialApp e cores da cotação
00:00 +26: C:/Projetos/BolsaFacil/test/dark_theme_ui_test.dart: seletor em Conta muda o MaterialApp e cores da cotação
00:00 +27: C:/Projetos/BolsaFacil/test/dark_theme_ui_test.dart: seletor em Conta muda o MaterialApp e cores da cotação
00:00 +28: C:/Projetos/BolsaFacil/test/dark_theme_ui_test.dart: seletor em Conta muda o MaterialApp e cores da cotação
00:00 +29: C:/Projetos/BolsaFacil/test/dark_theme_ui_test.dart: seletor em Conta muda o MaterialApp e cores da cotação
00:01 +30: C:/Projetos/BolsaFacil/test/dark_theme_ui_test.dart: seletor em Conta muda o MaterialApp e cores da cotação
00:01 +31: C:/Projetos/BolsaFacil/test/dark_theme_ui_test.dart: seletor em Conta muda o MaterialApp e cores da cotação
00:01 +32: C:/Projetos/BolsaFacil/test/dark_theme_ui_test.dart: seletor em Conta muda o MaterialApp e cores da cotação
00:01 +33: C:/Projetos/BolsaFacil/test/dark_theme_ui_test.dart: seletor em Conta muda o MaterialApp e cores da cotação
00:01 +34: C:/Projetos/BolsaFacil/test/dark_theme_ui_test.dart: seletor em Conta muda o MaterialApp e cores da cotação
00:01 +35: C:/Projetos/BolsaFacil/test/dark_theme_ui_test.dart: seletor em Conta muda o MaterialApp e cores da cotação
00:01 +36: C:/Projetos/BolsaFacil/test/dark_theme_ui_test.dart: seletor em Conta muda o MaterialApp e cores da cotação
00:01 +37: C:/Projetos/BolsaFacil/test/dark_theme_ui_test.dart: seletor em Conta muda o MaterialApp e cores da cotação
00:01 +38: C:/Projetos/BolsaFacil/test/dark_theme_ui_test.dart: seletor em Conta muda o MaterialApp e cores da cotação
00:01 +39: C:/Projetos/BolsaFacil/test/dark_theme_ui_test.dart: seletor em Conta muda o MaterialApp e cores da cotação
00:01 +40: C:/Projetos/BolsaFacil/test/dark_theme_ui_test.dart: seletor em Conta muda o MaterialApp e cores da cotação
00:01 +41: C:/Projetos/BolsaFacil/test/dark_theme_ui_test.dart: seletor em Conta muda o MaterialApp e cores da cotação
00:01 +42: C:/Projetos/BolsaFacil/test/dark_theme_ui_test.dart: seletor em Conta muda o MaterialApp e cores da cotação
00:01 +43: C:/Projetos/BolsaFacil/test/dark_theme_ui_test.dart: seletor em Conta muda o MaterialApp e cores da cotação
00:01 +44: C:/Projetos/BolsaFacil/test/dark_theme_ui_test.dart: seletor em Conta muda o MaterialApp e cores da cotação
00:01 +45: C:/Projetos/BolsaFacil/test/dark_theme_ui_test.dart: seletor em Conta muda o MaterialApp e cores da cotação
00:01 +46: C:/Projetos/BolsaFacil/test/dark_theme_ui_test.dart: seletor em Conta muda o MaterialApp e cores da cotação
00:01 +47: C:/Projetos/BolsaFacil/test/dark_theme_ui_test.dart: seletor em Conta muda o MaterialApp e cores da cotação
00:01 +48: C:/Projetos/BolsaFacil/test/dark_theme_ui_test.dart: seletor em Conta muda o MaterialApp e cores da cotação
00:02 +49: C:/Projetos/BolsaFacil/test/dark_theme_ui_test.dart: seletor em Conta muda o MaterialApp e cores da cotação
00:02 +50: C:/Projetos/BolsaFacil/test/dark_theme_ui_test.dart: seletor em Conta muda o MaterialApp e cores da cotação
00:02 +51: C:/Projetos/BolsaFacil/test/dark_theme_ui_test.dart: seletor em Conta muda o MaterialApp e cores da cotação
00:02 +52: C:/Projetos/BolsaFacil/test/dark_theme_ui_test.dart: seletor em Conta muda o MaterialApp e cores da cotação
00:02 +53: C:/Projetos/BolsaFacil/test/dark_theme_ui_test.dart: seletor em Conta muda o MaterialApp e cores da cotação
00:02 +54: C:/Projetos/BolsaFacil/test/dark_theme_ui_test.dart: seletor em Conta muda o MaterialApp e cores da cotação
00:02 +55: C:/Projetos/BolsaFacil/test/dark_theme_ui_test.dart: seletor em Conta muda o MaterialApp e cores da cotação
00:02 +56: C:/Projetos/BolsaFacil/test/dark_theme_ui_test.dart: seletor em Conta muda o MaterialApp e cores da cotação
00:03 +57: C:/Projetos/BolsaFacil/test/dark_theme_ui_test.dart: seletor em Conta muda o MaterialApp e cores da cotação
00:03 +58: C:/Projetos/BolsaFacil/test/dark_theme_ui_test.dart: seletor em Conta muda o MaterialApp e cores da cotação
00:03 +59: C:/Projetos/BolsaFacil/test/dark_theme_ui_test.dart: seletor em Conta muda o MaterialApp e cores da cotação
00:03 +60: C:/Projetos/BolsaFacil/test/dark_theme_ui_test.dart: seletor em Conta muda o MaterialApp e cores da cotação
00:03 +61: C:/Projetos/BolsaFacil/test/dark_theme_ui_test.dart: seletor em Conta muda o MaterialApp e cores da cotação
00:03 +62: C:/Projetos/BolsaFacil/test/dark_theme_ui_test.dart: seletor em Conta muda o MaterialApp e cores da cotação
00:03 +63: C:/Projetos/BolsaFacil/test/dark_theme_ui_test.dart: seletor em Conta muda o MaterialApp e cores da cotação
00:03 +64: C:/Projetos/BolsaFacil/test/dark_theme_ui_test.dart: seletor em Conta muda o MaterialApp e cores da cotação
00:03 +65: C:/Projetos/BolsaFacil/test/dark_theme_ui_test.dart: seletor em Conta muda o MaterialApp e cores da cotação
00:03 +66: C:/Projetos/BolsaFacil/test/dark_theme_ui_test.dart: seletor em Conta muda o MaterialApp e cores da cotação
00:03 +67: C:/Projetos/BolsaFacil/test/dark_theme_ui_test.dart: seletor em Conta muda o MaterialApp e cores da cotação
00:03 +68: C:/Projetos/BolsaFacil/test/dark_theme_ui_test.dart: seletor em Conta muda o MaterialApp e cores da cotação
00:03 +69: C:/Projetos/BolsaFacil/test/dark_theme_ui_test.dart: seletor em Conta muda o MaterialApp e cores da cotação
00:03 +70: C:/Projetos/BolsaFacil/test/dark_theme_ui_test.dart: seletor em Conta muda o MaterialApp e cores da cotação
00:03 +71: C:/Projetos/BolsaFacil/test/dark_theme_ui_test.dart: seletor em Conta muda o MaterialApp e cores da cotação
00:04 +72: C:/Projetos/BolsaFacil/test/dark_theme_ui_test.dart: seletor em Conta muda o MaterialApp e cores da cotação
00:04 +73: C:/Projetos/BolsaFacil/test/dark_theme_ui_test.dart: seletor em Conta muda o MaterialApp e cores da cotação
00:04 +74: C:/Projetos/BolsaFacil/test/dark_theme_ui_test.dart: seletor em Conta muda o MaterialApp e cores da cotação
00:04 +75: C:/Projetos/BolsaFacil/test/dark_theme_ui_test.dart: seletor em Conta muda o MaterialApp e cores da cotação
00:04 +76: C:/Projetos/BolsaFacil/test/dark_theme_ui_test.dart: seletor em Conta muda o MaterialApp e cores da cotação
00:05 +77: C:/Projetos/BolsaFacil/test/dark_theme_ui_test.dart: seletor em Conta muda o MaterialApp e cores da cotação
00:06 +78: C:/Projetos/BolsaFacil/test/dark_theme_ui_test.dart: seletor em Conta muda o MaterialApp e cores da cotação
00:06 +79: C:/Projetos/BolsaFacil/test/dark_theme_ui_test.dart: seletor em Conta muda o MaterialApp e cores da cotação
00:06 +80: C:/Projetos/BolsaFacil/test/dark_theme_ui_test.dart: seletor em Conta muda o MaterialApp e cores da cotação
00:06 +81: C:/Projetos/BolsaFacil/test/dark_theme_ui_test.dart: seletor em Conta muda o MaterialApp e cores da cotação
00:06 +82: C:/Projetos/BolsaFacil/test/dark_theme_ui_test.dart: seletor em Conta muda o MaterialApp e cores da cotação
00:06 +83: C:/Projetos/BolsaFacil/test/dark_theme_ui_test.dart: seletor em Conta muda o MaterialApp e cores da cotação
00:06 +84: C:/Projetos/BolsaFacil/test/dark_theme_ui_test.dart: seletor em Conta muda o MaterialApp e cores da cotação
00:06 +85: C:/Projetos/BolsaFacil/test/dark_theme_ui_test.dart: seletor em Conta muda o MaterialApp e cores da cotação
00:06 +86: C:/Projetos/BolsaFacil/test/trade_test.dart: summarizeTrades primeira compra define quantidade e preço médio
00:06 +87: C:/Projetos/BolsaFacil/test/dark_theme_ui_test.dart: tema Sistema acompanha brilho do dispositivo
00:06 +88: C:/Projetos/BolsaFacil/test/dark_theme_ui_test.dart: tema Sistema acompanha brilho do dispositivo
00:06 +89: C:/Projetos/BolsaFacil/test/dark_theme_ui_test.dart: tema Sistema acompanha brilho do dispositivo
00:06 +90: C:/Projetos/BolsaFacil/test/dark_theme_ui_test.dart: tema Sistema acompanha brilho do dispositivo
00:06 +91: C:/Projetos/BolsaFacil/test/dark_theme_ui_test.dart: tema Sistema acompanha brilho do dispositivo
00:06 +92: C:/Projetos/BolsaFacil/test/dark_theme_ui_test.dart: tema Sistema acompanha brilho do dispositivo
00:06 +93: C:/Projetos/BolsaFacil/test/dark_theme_ui_test.dart: tema Sistema acompanha brilho do dispositivo
00:07 +94: C:/Projetos/BolsaFacil/test/dark_theme_ui_test.dart: tema Sistema acompanha brilho do dispositivo
00:07 +95: C:/Projetos/BolsaFacil/test/dark_theme_ui_test.dart: tema Sistema acompanha brilho do dispositivo
00:07 +96: C:/Projetos/BolsaFacil/test/dark_theme_ui_test.dart: erro ao salvar tema aparece e mantém opção anterior
00:08 +97: C:/Projetos/BolsaFacil/test/ui_flows_test.dart: Carteira mostra alocação, valida venda e registra histórico
00:08 +98: C:/Projetos/BolsaFacil/test/ui_flows_test.dart: Carteira mostra alocação, valida venda e registra histórico
00:11 +99: C:/Projetos/BolsaFacil/test/ui_flows_test.dart: Carteira mostra alocação, valida venda e registra histórico
00:11 +100: C:/Projetos/BolsaFacil/test/ui_flows_test.dart: Home avisa falhas parciais e dados antigos sem esconder cotações
00:11 +101: C:/Projetos/BolsaFacil/test/ui_flows_test.dart: falha ao salvar favorito faz rollback e exibe SnackBar uma vez
00:11 +102: C:/Projetos/BolsaFacil/test/ui_flows_test.dart: Conta exporta JSON sem senha e restaura carteira e favoritos
00:12 +103: All tests passed!
